// Jest Snapshot v1, https://goo.gl/fbAQLP

exports[`DelegatedAdministrator Should match snapshot 1`] = `
Object {
  "Parameters": Object {
    "BootstrapVersion": Object {
      "Default": "/cdk-bootstrap/hnb659fds/version",
      "Description": "Version of the CDK Bootstrap resources in this environment, automatically retrieved from SSM Parameter Store. [cdk:skip]",
      "Type": "AWS::SSM::Parameter::Value<String>",
    },
  },
  "Resources": Object {
    "AWS679f53fac002430cb0da5b7982bd22872D164C4C": Object {
      "DependsOn": Array [
        "AWS679f53fac002430cb0da5b7982bd2287ServiceRoleC1EA0FF2",
      ],
      "Properties": Object {
        "Code": Object {
          "S3Bucket": Object {
            "Fn::Sub": "cdk-hnb659fds-assets-\${AWS::AccountId}-\${AWS::Region}",
          },
          "S3Key": "4a575666d1c2c6412590d2a56f328e040a81ad1ef59aecee31ae9b393d05f659.zip",
        },
        "Handler": "index.handler",
        "Role": Object {
          "Fn::GetAtt": Array [
            "AWS679f53fac002430cb0da5b7982bd2287ServiceRoleC1EA0FF2",
            "Arn",
          ],
        },
        "Runtime": "nodejs12.x",
        "Timeout": 120,
      },
      "Type": "AWS::Lambda::Function",
    },
    "AWS679f53fac002430cb0da5b7982bd2287ServiceRoleC1EA0FF2": Object {
      "Properties": Object {
        "AssumeRolePolicyDocument": Object {
          "Statement": Array [
            Object {
              "Action": "sts:AssumeRole",
              "Effect": "Allow",
              "Principal": Object {
                "Service": "lambda.amazonaws.com",
              },
            },
          ],
          "Version": "2012-10-17",
        },
        "ManagedPolicyArns": Array [
          Object {
            "Fn::Join": Array [
              "",
              Array [
                "arn:",
                Object {
                  "Ref": "AWS::Partition",
                },
                ":iam::aws:policy/service-role/AWSLambdaBasicExecutionRole",
              ],
            ],
          },
        ],
      },
      "Type": "AWS::IAM::Role",
    },
    "AccountCreateAccount833709C2": Object {
      "DeletionPolicy": "Delete",
      "Properties": Object {
        "AccountName": "TestAccount",
        "Email": "info@pepperize.com",
        "IamUserAccessToBilling": "ALLOW",
        "ImportOnDuplicate": "true",
        "RemovalPolicy": "retain",
        "RoleName": "OrganizationAccountAccessRole",
        "ServiceToken": Object {
          "Fn::GetAtt": Array [
            "AccountcdkorganizationsAccountProviderNestedStackcdkorganizationsAccountProviderNestedStackResourceB38D49F2",
            "Outputs.StackAccountcdkorganizationsAccountProviderframeworkonEvent5E28D041Arn",
          ],
        },
      },
      "Type": "Custom::Organizations_Account",
      "UpdateReplacePolicy": "Delete",
    },
    "AccountTagsTagResourceB6D57C22": Object {
      "DeletionPolicy": "Delete",
      "DependsOn": Array [
        "AccountCreateAccount833709C2",
      ],
      "Properties": Object {
        "ResourceId": Object {
          "Fn::GetAtt": Array [
            "AccountCreateAccount833709C2",
            "AccountId",
          ],
        },
        "ServiceToken": Object {
          "Fn::GetAtt": Array [
            "AccountTagscdkorganizationsTagResourceProviderNestedStackcdkorganizationsTagResourceProviderNestedStackResourceE28B2422",
            "Outputs.StackAccountTagscdkorganizationsTagResourceProviderframeworkonEvent331B52E4Arn",
          ],
        },
      },
      "Type": "Custom::Organizations_TagResource",
      "UpdateReplacePolicy": "Delete",
    },
    "AccountTagscdkorganizationsTagResourceProviderNestedStackcdkorganizationsTagResourceProviderNestedStackResourceE28B2422": Object {
      "DeletionPolicy": "Delete",
      "DependsOn": Array [
        "AccountCreateAccount833709C2",
      ],
      "Properties": Object {
        "TemplateURL": Object {
          "Fn::Join": Array [
            "",
            Array [
              "https://s3.",
              Object {
                "Ref": "AWS::Region",
              },
              ".",
              Object {
                "Ref": "AWS::URLSuffix",
              },
              "/",
              Object {
                "Fn::Sub": "cdk-hnb659fds-assets-\${AWS::AccountId}-\${AWS::Region}",
              },
              "/419b68cc3112600824110a26ab44ac9cbff015791b93008d93bcea979de25d3c.json",
            ],
          ],
        },
      },
      "Type": "AWS::CloudFormation::Stack",
      "UpdateReplacePolicy": "Delete",
    },
    "AccountcdkorganizationsAccountProviderNestedStackcdkorganizationsAccountProviderNestedStackResourceB38D49F2": Object {
      "DeletionPolicy": "Delete",
      "Properties": Object {
        "TemplateURL": Object {
          "Fn::Join": Array [
            "",
            Array [
              "https://s3.",
              Object {
                "Ref": "AWS::Region",
              },
              ".",
              Object {
                "Ref": "AWS::URLSuffix",
              },
              "/",
              Object {
                "Fn::Sub": "cdk-hnb659fds-assets-\${AWS::AccountId}-\${AWS::Region}",
              },
              "/f49e530db9f7ddb1eff3dfc10a7083cbdaf547773d7935cc8e6e384253531e80.json",
            ],
          ],
        },
      },
      "Type": "AWS::CloudFormation::Stack",
      "UpdateReplacePolicy": "Delete",
    },
    "DelegatedAdministratorDelegatedAdministratorCustomResource8756F10E": Object {
      "DeletionPolicy": "Delete",
      "DependsOn": Array [
        "DelegatedAdministratorDelegatedAdministratorCustomResourceCustomResourcePolicyCBFF6201",
      ],
      "Properties": Object {
        "Create": Object {
          "Fn::Join": Array [
            "",
            Array [
              "{\\"service\\":\\"Organizations\\",\\"action\\":\\"registerDelegatedAdministrator\\",\\"region\\":\\"us-east-1\\",\\"physicalResourceId\\":{\\"id\\":\\"",
              Object {
                "Fn::GetAtt": Array [
                  "AccountCreateAccount833709C2",
                  "AccountId",
                ],
              },
              ":service-abbreviation.amazonaws.com\\"},\\"parameters\\":{\\"AccountId\\":\\"",
              Object {
                "Fn::GetAtt": Array [
                  "AccountCreateAccount833709C2",
                  "AccountId",
                ],
              },
              "\\",\\"ServicePrincipal\\":\\"service-abbreviation.amazonaws.com\\"}}",
            ],
          ],
        },
        "Delete": Object {
          "Fn::Join": Array [
            "",
            Array [
              "{\\"service\\":\\"Organizations\\",\\"action\\":\\"registerDelegatedAdministrator\\",\\"region\\":\\"us-east-1\\",\\"parameters\\":{\\"AccountId\\":\\"",
              Object {
                "Fn::GetAtt": Array [
                  "AccountCreateAccount833709C2",
                  "AccountId",
                ],
              },
              "\\",\\"ServicePrincipal\\":\\"service-abbreviation.amazonaws.com\\"}}",
            ],
          ],
        },
        "InstallLatestAwsSdk": false,
        "ServiceToken": Object {
          "Fn::GetAtt": Array [
            "AWS679f53fac002430cb0da5b7982bd22872D164C4C",
            "Arn",
          ],
        },
      },
      "Type": "Custom::Organizations_DelegatedAdministrator",
      "UpdateReplacePolicy": "Delete",
    },
    "DelegatedAdministratorDelegatedAdministratorCustomResourceCustomResourcePolicyCBFF6201": Object {
      "Properties": Object {
        "PolicyDocument": Object {
          "Statement": Array [
            Object {
              "Action": "organizations:RegisterDelegatedAdministrator",
              "Effect": "Allow",
              "Resource": "*",
            },
          ],
          "Version": "2012-10-17",
        },
        "PolicyName": "DelegatedAdministratorDelegatedAdministratorCustomResourceCustomResourcePolicyCBFF6201",
        "Roles": Array [
          Object {
            "Ref": "AWS679f53fac002430cb0da5b7982bd2287ServiceRoleC1EA0FF2",
          },
        ],
      },
      "Type": "AWS::IAM::Policy",
    },
  },
  "Rules": Object {
    "CheckBootstrapVersion": Object {
      "Assertions": Array [
        Object {
          "Assert": Object {
            "Fn::Not": Array [
              Object {
                "Fn::Contains": Array [
                  Array [
                    "1",
                    "2",
                    "3",
                    "4",
                    "5",
                  ],
                  Object {
                    "Ref": "BootstrapVersion",
                  },
                ],
              },
            ],
          },
          "AssertDescription": "CDK bootstrap stack version 6 required. Please run 'cdk bootstrap' with a recent version of the CDK CLI.",
        },
      ],
    },
  },
}
`;
