// Jest Snapshot v1, https://goo.gl/fbAQLP

exports[`Policy Should match snapshot 1`] = `
Object {
  "Parameters": Object {
    "BootstrapVersion": Object {
      "Default": "/cdk-bootstrap/hnb659fds/version",
      "Description": "Version of the CDK Bootstrap resources in this environment, automatically retrieved from SSM Parameter Store. [cdk:skip]",
      "Type": "AWS::SSM::Parameter::Value<String>",
    },
  },
  "Resources": Object {
    "AWS679f53fac002430cb0da5b7982bd22872D164C4C": Object {
      "DependsOn": Array [
        "AWS679f53fac002430cb0da5b7982bd2287ServiceRoleC1EA0FF2",
      ],
      "Properties": Object {
        "Code": Object {
          "S3Bucket": Object {
            "Fn::Sub": "cdk-hnb659fds-assets-\${AWS::AccountId}-\${AWS::Region}",
          },
          "S3Key": "4a575666d1c2c6412590d2a56f328e040a81ad1ef59aecee31ae9b393d05f659.zip",
        },
        "Handler": "index.handler",
        "Role": Object {
          "Fn::GetAtt": Array [
            "AWS679f53fac002430cb0da5b7982bd2287ServiceRoleC1EA0FF2",
            "Arn",
          ],
        },
        "Runtime": "nodejs12.x",
        "Timeout": 120,
      },
      "Type": "AWS::Lambda::Function",
    },
    "AWS679f53fac002430cb0da5b7982bd2287ServiceRoleC1EA0FF2": Object {
      "Properties": Object {
        "AssumeRolePolicyDocument": Object {
          "Statement": Array [
            Object {
              "Action": "sts:AssumeRole",
              "Effect": "Allow",
              "Principal": Object {
                "Service": "lambda.amazonaws.com",
              },
            },
          ],
          "Version": "2012-10-17",
        },
        "ManagedPolicyArns": Array [
          Object {
            "Fn::Join": Array [
              "",
              Array [
                "arn:",
                Object {
                  "Ref": "AWS::Partition",
                },
                ":iam::aws:policy/service-role/AWSLambdaBasicExecutionRole",
              ],
            ],
          },
        ],
      },
      "Type": "AWS::IAM::Role",
    },
    "PolicyPolicyCustomResource79938510": Object {
      "DeletionPolicy": "Delete",
      "DependsOn": Array [
        "PolicyPolicyCustomResourceCustomResourcePolicy05A7F4A4",
      ],
      "Properties": Object {
        "Create": "{\\"service\\":\\"Organizations\\",\\"action\\":\\"createPolicy\\",\\"region\\":\\"us-east-1\\",\\"parameters\\":{\\"Content\\":\\"{\\\\\\\\\\\\\\"Version\\\\\\\\\\\\\\":\\\\\\\\\\\\\\"2012-10-17\\\\\\\\\\\\\\",\\\\\\\\\\\\\\"Statement\\\\\\\\\\\\\\":{\\\\\\\\\\\\\\"Effect\\\\\\\\\\\\\\":\\\\\\\\\\\\\\"Allow\\\\\\\\\\\\\\",\\\\\\\\\\\\\\"Action\\\\\\\\\\\\\\":\\\\\\\\\\\\\\"s3:*\\\\\\\\\\\\\\"}}\\",\\"Description\\":\\"Enables admins of attached accounts to delegate all S3 permissions\\",\\"Name\\":\\"AllowAllS3Actions\\",\\"Type\\":\\"SERVICE_CONTROL_POLICY\\"},\\"physicalResourceId\\":{\\"responsePath\\":\\"Policy.PolicySummary.Id\\"}}",
        "Delete": "{\\"service\\":\\"Organizations\\",\\"action\\":\\"deletePolicy\\",\\"region\\":\\"us-east-1\\",\\"parameters\\":{\\"PolicyId\\":\\"PHYSICAL:RESOURCEID:\\"}}",
        "InstallLatestAwsSdk": false,
        "ServiceToken": Object {
          "Fn::GetAtt": Array [
            "AWS679f53fac002430cb0da5b7982bd22872D164C4C",
            "Arn",
          ],
        },
        "Update": "{\\"service\\":\\"Organizations\\",\\"action\\":\\"updatePolicy\\",\\"region\\":\\"us-east-1\\",\\"parameters\\":{\\"Content\\":\\"{\\\\\\\\\\\\\\"Version\\\\\\\\\\\\\\":\\\\\\\\\\\\\\"2012-10-17\\\\\\\\\\\\\\",\\\\\\\\\\\\\\"Statement\\\\\\\\\\\\\\":{\\\\\\\\\\\\\\"Effect\\\\\\\\\\\\\\":\\\\\\\\\\\\\\"Allow\\\\\\\\\\\\\\",\\\\\\\\\\\\\\"Action\\\\\\\\\\\\\\":\\\\\\\\\\\\\\"s3:*\\\\\\\\\\\\\\"}}\\",\\"Description\\":\\"Enables admins of attached accounts to delegate all S3 permissions\\",\\"Name\\":\\"AllowAllS3Actions\\",\\"PolicyId\\":\\"PHYSICAL:RESOURCEID:\\"},\\"physicalResourceId\\":{\\"responsePath\\":\\"Policy.PolicySummary.Id\\"}}",
      },
      "Type": "Custom::Organizations_Policy",
      "UpdateReplacePolicy": "Delete",
    },
    "PolicyPolicyCustomResourceCustomResourcePolicy05A7F4A4": Object {
      "Properties": Object {
        "PolicyDocument": Object {
          "Statement": Array [
            Object {
              "Action": "organizations:CreatePolicy",
              "Effect": "Allow",
              "Resource": "*",
            },
            Object {
              "Action": "organizations:UpdatePolicy",
              "Effect": "Allow",
              "Resource": "*",
            },
            Object {
              "Action": "organizations:DeletePolicy",
              "Effect": "Allow",
              "Resource": "*",
            },
          ],
          "Version": "2012-10-17",
        },
        "PolicyName": "PolicyPolicyCustomResourceCustomResourcePolicy05A7F4A4",
        "Roles": Array [
          Object {
            "Ref": "AWS679f53fac002430cb0da5b7982bd2287ServiceRoleC1EA0FF2",
          },
        ],
      },
      "Type": "AWS::IAM::Policy",
    },
    "PolicyTagsTagResource27BB67A1": Object {
      "DeletionPolicy": "Delete",
      "DependsOn": Array [
        "PolicyPolicyCustomResourceCustomResourcePolicy05A7F4A4",
        "PolicyPolicyCustomResource79938510",
      ],
      "Properties": Object {
        "ResourceId": Object {
          "Fn::GetAtt": Array [
            "PolicyPolicyCustomResource79938510",
            "Policy.PolicySummary.Id",
          ],
        },
        "ServiceToken": Object {
          "Fn::GetAtt": Array [
            "cdkorganizationsTagResourceProviderNestedStackcdkorganizationsTagResourceProviderNestedStackResourceA7B8DF96",
            "Outputs.StackcdkorganizationsTagResourceProviderframeworkonEvent916F9532Arn",
          ],
        },
      },
      "Type": "Custom::Organizations_TagResource",
      "UpdateReplacePolicy": "Delete",
    },
    "cdkorganizationsTagResourceProviderNestedStackcdkorganizationsTagResourceProviderNestedStackResourceA7B8DF96": Object {
      "DeletionPolicy": "Delete",
      "Properties": Object {
        "TemplateURL": Object {
          "Fn::Join": Array [
            "",
            Array [
              "https://s3.",
              Object {
                "Ref": "AWS::Region",
              },
              ".",
              Object {
                "Ref": "AWS::URLSuffix",
              },
              "/",
              Object {
                "Fn::Sub": "cdk-hnb659fds-assets-\${AWS::AccountId}-\${AWS::Region}",
              },
              "/328b5aadf634e8c1ef6c24af230a5896aa99a6963b8cdf671b1a46c2e85fc78b.json",
            ],
          ],
        },
      },
      "Type": "AWS::CloudFormation::Stack",
      "UpdateReplacePolicy": "Delete",
    },
  },
  "Rules": Object {
    "CheckBootstrapVersion": Object {
      "Assertions": Array [
        Object {
          "Assert": Object {
            "Fn::Not": Array [
              Object {
                "Fn::Contains": Array [
                  Array [
                    "1",
                    "2",
                    "3",
                    "4",
                    "5",
                  ],
                  Object {
                    "Ref": "BootstrapVersion",
                  },
                ],
              },
            ],
          },
          "AssertDescription": "CDK bootstrap stack version 6 required. Please run 'cdk bootstrap' with a recent version of the CDK CLI.",
        },
      ],
    },
  },
}
`;
